08:00:40.761 [main] INFO  testCases.TC003_LoginDDT.verify_loginDDT(TC003_LoginDDT.java:25)oggger - ***** Starting TC003_LoginDDT *****
08:00:48.909 [main] INFO  testCases.TC003_LoginDDT.verify_loginDDT(TC003_LoginDDT.java:25)oggger - ***** Starting TC003_LoginDDT *****
08:00:56.970 [main] INFO  testCases.TC003_LoginDDT.verify_loginDDT(TC003_LoginDDT.java:25)oggger - ***** Starting TC003_LoginDDT *****
08:01:05.935 [main] INFO  testCases.TC003_LoginDDT.verify_loginDDT(TC003_LoginDDT.java:25)oggger - ***** Starting TC003_LoginDDT *****
08:01:14.757 [main] INFO  testCases.TC003_LoginDDT.verify_loginDDT(TC003_LoginDDT.java:25)oggger - ***** Starting TC003_LoginDDT *****
08:01:22.596 [main] INFO  testCases.TC003_LoginDDT.verify_loginDDT(TC003_LoginDDT.java:25)oggger - ***** Starting TC003_LoginDDT *****
10:18:46.559 [main] INFO  testCases.Tc001_AccountRegistrationTest.verify_Account_Registration(Tc001_AccountRegistrationTest.java:25)oggger - **** Starting Tc001_AccountRegistrationTest **** 
10:18:46.879 [main] INFO  testCases.Tc001_AccountRegistrationTest.verify_Account_Registration(Tc001_AccountRegistrationTest.java:33)oggger - clicked on MyAccount link
10:18:47.487 [main] INFO  testCases.Tc001_AccountRegistrationTest.verify_Account_Registration(Tc001_AccountRegistrationTest.java:36)oggger - clicked on Registration link
10:18:47.489 [main] INFO  testCases.Tc001_AccountRegistrationTest.verify_Account_Registration(Tc001_AccountRegistrationTest.java:40)oggger - Providing cutomers details....
10:18:49.751 [main] INFO  testCases.Tc001_AccountRegistrationTest.verify_Account_Registration(Tc001_AccountRegistrationTest.java:57)oggger - validating expected meassage...
10:18:49.816 [main] INFO  testCases.Tc001_AccountRegistrationTest.verify_Account_Registration(Tc001_AccountRegistrationTest.java:71)oggger - **** Finished Tc001_AccountRegistrationTest **** 
10:18:52.483 [main] INFO  testCases.TC002_LoginTest.verify_Login(TC002_LoginTest.java:22)oggger - ***** Starting TC002_LoginTest *****
10:18:54.205 [main] INFO  testCases.TC002_LoginTest.verify_Login(TC002_LoginTest.java:52)oggger - ***** Finished TC002_LoginTest *****
10:21:45.856 [main] INFO  testCases.TC003_LoginDDT.verify_loginDDT(TC003_LoginDDT.java:27)oggger - ***** Starting TC003_LoginDDT *****
10:21:52.906 [main] INFO  testCases.TC003_LoginDDT.verify_loginDDT(TC003_LoginDDT.java:90)oggger - ***** Finished TC003_LoginDDT *****
10:21:52.923 [main] INFO  testCases.TC003_LoginDDT.verify_loginDDT(TC003_LoginDDT.java:27)oggger - ***** Starting TC003_LoginDDT *****
10:21:59.800 [main] INFO  testCases.TC003_LoginDDT.verify_loginDDT(TC003_LoginDDT.java:90)oggger - ***** Finished TC003_LoginDDT *****
10:21:59.812 [main] INFO  testCases.TC003_LoginDDT.verify_loginDDT(TC003_LoginDDT.java:27)oggger - ***** Starting TC003_LoginDDT *****
10:22:05.713 [main] INFO  testCases.TC003_LoginDDT.verify_loginDDT(TC003_LoginDDT.java:90)oggger - ***** Finished TC003_LoginDDT *****
10:22:05.723 [main] INFO  testCases.TC003_LoginDDT.verify_loginDDT(TC003_LoginDDT.java:27)oggger - ***** Starting TC003_LoginDDT *****
10:22:06.334 [main] INFO  testCases.TC003_LoginDDT.verify_loginDDT(TC003_LoginDDT.java:27)oggger - ***** Starting TC003_LoginDDT *****
10:22:06.364 [main] INFO  testCases.TC003_LoginDDT.verify_loginDDT(TC003_LoginDDT.java:27)oggger - ***** Starting TC003_LoginDDT *****
10:28:55.436 [main] INFO  testCases.TC002_LoginTest.verify_Login(TC002_LoginTest.java:22)oggger - ***** Starting TC002_LoginTest *****
10:28:57.531 [main] INFO  testCases.TC002_LoginTest.verify_Login(TC002_LoginTest.java:52)oggger - ***** Finished TC002_LoginTest *****
18:38:56.722 [main] INFO  testCases.Tc001_AccountRegistrationTest.verify_Account_Registration(Tc001_AccountRegistrationTest.java:25)oggger - **** Starting Tc001_AccountRegistrationTest **** 
18:38:56.996 [main] INFO  testCases.Tc001_AccountRegistrationTest.verify_Account_Registration(Tc001_AccountRegistrationTest.java:33)oggger - clicked on MyAccount link
18:38:57.478 [main] INFO  testCases.Tc001_AccountRegistrationTest.verify_Account_Registration(Tc001_AccountRegistrationTest.java:36)oggger - clicked on Registration link
18:38:57.488 [main] INFO  testCases.Tc001_AccountRegistrationTest.verify_Account_Registration(Tc001_AccountRegistrationTest.java:40)oggger - Providing cutomers details....
18:38:59.647 [main] INFO  testCases.Tc001_AccountRegistrationTest.verify_Account_Registration(Tc001_AccountRegistrationTest.java:57)oggger - validating expected meassage...
18:38:59.702 [main] INFO  testCases.Tc001_AccountRegistrationTest.verify_Account_Registration(Tc001_AccountRegistrationTest.java:71)oggger - **** Finished Tc001_AccountRegistrationTest **** 
18:39:02.665 [main] INFO  testCases.TC002_LoginTest.verify_Login(TC002_LoginTest.java:22)oggger - ***** Starting TC002_LoginTest *****
18:39:08.349 [main] INFO  testCases.TC002_LoginTest.verify_Login(TC002_LoginTest.java:52)oggger - ***** Finished TC002_LoginTest *****
18:47:29.887 [main] INFO  testCases.Tc001_AccountRegistrationTest.verify_Account_Registration(Tc001_AccountRegistrationTest.java:25)oggger - **** Starting Tc001_AccountRegistrationTest **** 
18:47:30.169 [main] INFO  testCases.Tc001_AccountRegistrationTest.verify_Account_Registration(Tc001_AccountRegistrationTest.java:33)oggger - clicked on MyAccount link
18:47:30.870 [main] INFO  testCases.Tc001_AccountRegistrationTest.verify_Account_Registration(Tc001_AccountRegistrationTest.java:36)oggger - clicked on Registration link
18:47:30.877 [main] INFO  testCases.Tc001_AccountRegistrationTest.verify_Account_Registration(Tc001_AccountRegistrationTest.java:40)oggger - Providing cutomers details....
18:47:33.464 [main] INFO  testCases.Tc001_AccountRegistrationTest.verify_Account_Registration(Tc001_AccountRegistrationTest.java:57)oggger - validating expected meassage...
18:47:33.527 [main] INFO  testCases.Tc001_AccountRegistrationTest.verify_Account_Registration(Tc001_AccountRegistrationTest.java:71)oggger - **** Finished Tc001_AccountRegistrationTest **** 
18:47:36.134 [main] INFO  testCases.TC002_LoginTest.verify_Login(TC002_LoginTest.java:22)oggger - ***** Starting TC002_LoginTest *****
18:47:38.082 [main] INFO  testCases.TC002_LoginTest.verify_Login(TC002_LoginTest.java:52)oggger - ***** Finished TC002_LoginTest *****
18:49:00.564 [main] INFO  testCases.TC003_LoginDDT.verify_loginDDT(TC003_LoginDDT.java:27)oggger - ***** Starting TC003_LoginDDT *****
18:49:08.457 [main] INFO  testCases.TC003_LoginDDT.verify_loginDDT(TC003_LoginDDT.java:90)oggger - ***** Finished TC003_LoginDDT *****
18:49:08.512 [main] INFO  testCases.TC003_LoginDDT.verify_loginDDT(TC003_LoginDDT.java:27)oggger - ***** Starting TC003_LoginDDT *****
18:49:15.550 [main] INFO  testCases.TC003_LoginDDT.verify_loginDDT(TC003_LoginDDT.java:90)oggger - ***** Finished TC003_LoginDDT *****
18:49:15.564 [main] INFO  testCases.TC003_LoginDDT.verify_loginDDT(TC003_LoginDDT.java:27)oggger - ***** Starting TC003_LoginDDT *****
18:49:22.729 [main] INFO  testCases.TC003_LoginDDT.verify_loginDDT(TC003_LoginDDT.java:90)oggger - ***** Finished TC003_LoginDDT *****
18:49:22.745 [main] INFO  testCases.TC003_LoginDDT.verify_loginDDT(TC003_LoginDDT.java:27)oggger - ***** Starting TC003_LoginDDT *****
18:49:29.497 [main] INFO  testCases.TC003_LoginDDT.verify_loginDDT(TC003_LoginDDT.java:90)oggger - ***** Finished TC003_LoginDDT *****
18:49:29.497 [main] INFO  testCases.TC003_LoginDDT.verify_loginDDT(TC003_LoginDDT.java:27)oggger - ***** Starting TC003_LoginDDT *****
18:49:36.209 [main] INFO  testCases.TC003_LoginDDT.verify_loginDDT(TC003_LoginDDT.java:90)oggger - ***** Finished TC003_LoginDDT *****
18:49:36.213 [main] INFO  testCases.TC003_LoginDDT.verify_loginDDT(TC003_LoginDDT.java:27)oggger - ***** Starting TC003_LoginDDT *****
18:49:42.908 [main] INFO  testCases.TC003_LoginDDT.verify_loginDDT(TC003_LoginDDT.java:90)oggger - ***** Finished TC003_LoginDDT *****
19:00:30.536 [main] INFO  testCases.Tc001_AccountRegistrationTest.verify_Account_Registration(Tc001_AccountRegistrationTest.java:25)oggger - **** Starting Tc001_AccountRegistrationTest **** 
19:00:30.705 [main] INFO  testCases.Tc001_AccountRegistrationTest.verify_Account_Registration(Tc001_AccountRegistrationTest.java:33)oggger - clicked on MyAccount link
19:00:31.103 [main] INFO  testCases.Tc001_AccountRegistrationTest.verify_Account_Registration(Tc001_AccountRegistrationTest.java:36)oggger - clicked on Registration link
19:00:31.105 [main] INFO  testCases.Tc001_AccountRegistrationTest.verify_Account_Registration(Tc001_AccountRegistrationTest.java:40)oggger - Providing cutomers details....
19:00:34.175 [main] INFO  testCases.Tc001_AccountRegistrationTest.verify_Account_Registration(Tc001_AccountRegistrationTest.java:57)oggger - validating expected meassage...
19:00:34.241 [main] INFO  testCases.Tc001_AccountRegistrationTest.verify_Account_Registration(Tc001_AccountRegistrationTest.java:71)oggger - **** Finished Tc001_AccountRegistrationTest **** 
19:00:37.144 [main] INFO  testCases.TC002_LoginTest.verify_Login(TC002_LoginTest.java:22)oggger - ***** Starting TC002_LoginTest *****
19:00:39.148 [main] INFO  testCases.TC002_LoginTest.verify_Login(TC002_LoginTest.java:52)oggger - ***** Finished TC002_LoginTest *****
19:03:15.187 [main] INFO  testCases.Tc001_AccountRegistrationTest.verify_Account_Registration(Tc001_AccountRegistrationTest.java:25)oggger - **** Starting Tc001_AccountRegistrationTest **** 
19:03:15.419 [main] INFO  testCases.Tc001_AccountRegistrationTest.verify_Account_Registration(Tc001_AccountRegistrationTest.java:33)oggger - clicked on MyAccount link
19:03:16.206 [main] INFO  testCases.Tc001_AccountRegistrationTest.verify_Account_Registration(Tc001_AccountRegistrationTest.java:36)oggger - clicked on Registration link
19:03:16.209 [main] INFO  testCases.Tc001_AccountRegistrationTest.verify_Account_Registration(Tc001_AccountRegistrationTest.java:40)oggger - Providing cutomers details....
19:03:18.993 [main] INFO  testCases.Tc001_AccountRegistrationTest.verify_Account_Registration(Tc001_AccountRegistrationTest.java:57)oggger - validating expected meassage...
19:03:19.042 [main] INFO  testCases.Tc001_AccountRegistrationTest.verify_Account_Registration(Tc001_AccountRegistrationTest.java:71)oggger - **** Finished Tc001_AccountRegistrationTest **** 
19:03:21.725 [main] INFO  testCases.TC002_LoginTest.verify_Login(TC002_LoginTest.java:22)oggger - ***** Starting TC002_LoginTest *****
14:33:37.381 [main] INFO  testCases.Tc001_AccountRegistrationTest.verify_Account_Registration(Tc001_AccountRegistrationTest.java:25)oggger - **** Starting Tc001_AccountRegistrationTest **** 
14:33:37.542 [main] INFO  testCases.Tc001_AccountRegistrationTest.verify_Account_Registration(Tc001_AccountRegistrationTest.java:33)oggger - clicked on MyAccount link
14:33:37.957 [main] INFO  testCases.Tc001_AccountRegistrationTest.verify_Account_Registration(Tc001_AccountRegistrationTest.java:36)oggger - clicked on Registration link
14:33:37.980 [main] INFO  testCases.Tc001_AccountRegistrationTest.verify_Account_Registration(Tc001_AccountRegistrationTest.java:40)oggger - Providing cutomers details....
14:33:39.670 [main] INFO  testCases.Tc001_AccountRegistrationTest.verify_Account_Registration(Tc001_AccountRegistrationTest.java:57)oggger - validating expected meassage...
14:33:39.704 [main] INFO  testCases.Tc001_AccountRegistrationTest.verify_Account_Registration(Tc001_AccountRegistrationTest.java:71)oggger - **** Finished Tc001_AccountRegistrationTest **** 
14:33:41.867 [main] INFO  testCases.TC002_LoginTest.verify_Login(TC002_LoginTest.java:22)oggger - ***** Starting TC002_LoginTest *****
14:33:43.434 [main] INFO  testCases.TC002_LoginTest.verify_Login(TC002_LoginTest.java:52)oggger - ***** Finished TC002_LoginTest *****
14:36:19.031 [main] INFO  testCases.Tc001_AccountRegistrationTest.verify_Account_Registration(Tc001_AccountRegistrationTest.java:25)oggger - **** Starting Tc001_AccountRegistrationTest **** 
14:36:19.237 [main] INFO  testCases.Tc001_AccountRegistrationTest.verify_Account_Registration(Tc001_AccountRegistrationTest.java:33)oggger - clicked on MyAccount link
14:36:19.649 [main] INFO  testCases.Tc001_AccountRegistrationTest.verify_Account_Registration(Tc001_AccountRegistrationTest.java:36)oggger - clicked on Registration link
14:36:19.655 [main] INFO  testCases.Tc001_AccountRegistrationTest.verify_Account_Registration(Tc001_AccountRegistrationTest.java:40)oggger - Providing cutomers details....
14:36:22.122 [main] INFO  testCases.Tc001_AccountRegistrationTest.verify_Account_Registration(Tc001_AccountRegistrationTest.java:57)oggger - validating expected meassage...
14:36:22.171 [main] INFO  testCases.Tc001_AccountRegistrationTest.verify_Account_Registration(Tc001_AccountRegistrationTest.java:71)oggger - **** Finished Tc001_AccountRegistrationTest **** 
14:36:24.376 [main] INFO  testCases.TC002_LoginTest.verify_Login(TC002_LoginTest.java:22)oggger - ***** Starting TC002_LoginTest *****
14:36:26.301 [main] INFO  testCases.TC002_LoginTest.verify_Login(TC002_LoginTest.java:52)oggger - ***** Finished TC002_LoginTest *****
14:17:28.712 [main] INFO  testCases.TC002_LoginTest.verify_Login(TC002_LoginTest.java:24)oggger - ***** Starting TC002_LoginTest *****
14:21:54.347 [main] INFO  testCases.TC002_LoginTest.verify_Login(TC002_LoginTest.java:24)oggger - ***** Starting TC002_LoginTest *****
14:27:32.184 [main] INFO  testCases.Tc001_AccountRegistrationTest.verify_Account_Registration(Tc001_AccountRegistrationTest.java:27)oggger - **** Starting Tc001_AccountRegistrationTest **** 
14:27:32.333 [main] INFO  testCases.Tc001_AccountRegistrationTest.verify_Account_Registration(Tc001_AccountRegistrationTest.java:35)oggger - clicked on MyAccount link
14:27:32.733 [main] INFO  testCases.Tc001_AccountRegistrationTest.verify_Account_Registration(Tc001_AccountRegistrationTest.java:38)oggger - clicked on Registration link
14:27:32.738 [main] INFO  testCases.Tc001_AccountRegistrationTest.verify_Account_Registration(Tc001_AccountRegistrationTest.java:42)oggger - Providing cutomers details....
14:27:35.025 [main] INFO  testCases.Tc001_AccountRegistrationTest.verify_Account_Registration(Tc001_AccountRegistrationTest.java:59)oggger - validating expected meassage...
14:27:35.059 [main] INFO  testCases.Tc001_AccountRegistrationTest.verify_Account_Registration(Tc001_AccountRegistrationTest.java:73)oggger - **** Finished Tc001_AccountRegistrationTest **** 
14:27:37.395 [main] INFO  testCases.TC002_LoginTest.verify_Login(TC002_LoginTest.java:24)oggger - ***** Starting TC002_LoginTest *****
14:27:39.242 [main] INFO  testCases.TC002_LoginTest.verify_Login(TC002_LoginTest.java:54)oggger - ***** Finished TC002_LoginTest *****
14:33:40.099 [main] INFO  testCases.Tc001_AccountRegistrationTest.verify_Account_Registration(Tc001_AccountRegistrationTest.java:27)oggger - **** Starting Tc001_AccountRegistrationTest **** 
14:33:40.229 [main] INFO  testCases.Tc001_AccountRegistrationTest.verify_Account_Registration(Tc001_AccountRegistrationTest.java:35)oggger - clicked on MyAccount link
14:33:41.088 [main] INFO  testCases.Tc001_AccountRegistrationTest.verify_Account_Registration(Tc001_AccountRegistrationTest.java:38)oggger - clicked on Registration link
14:33:41.095 [main] INFO  testCases.Tc001_AccountRegistrationTest.verify_Account_Registration(Tc001_AccountRegistrationTest.java:42)oggger - Providing cutomers details....
14:33:42.638 [main] INFO  testCases.Tc001_AccountRegistrationTest.verify_Account_Registration(Tc001_AccountRegistrationTest.java:59)oggger - validating expected meassage...
14:33:42.667 [main] INFO  testCases.Tc001_AccountRegistrationTest.verify_Account_Registration(Tc001_AccountRegistrationTest.java:73)oggger - **** Finished Tc001_AccountRegistrationTest **** 
14:33:45.762 [main] INFO  testCases.TC002_LoginTest.verify_Login(TC002_LoginTest.java:24)oggger - ***** Starting TC002_LoginTest *****
14:33:47.315 [main] INFO  testCases.TC002_LoginTest.verify_Login(TC002_LoginTest.java:54)oggger - ***** Finished TC002_LoginTest *****
17:40:04.927 [main] INFO  org.testng.log4testng.Logger.info(Logger.java:112)oggger - [TestNG] Running:
  C:\Users\HP\eclipse-workspace\opencartv143\Master.xml

17:40:09.759 [main] INFO  testCases.Tc001_AccountRegistrationTest.verify_Account_Registration(Tc001_AccountRegistrationTest.java:27)oggger - **** Starting Tc001_AccountRegistrationTest **** 
17:40:09.886 [main] INFO  testCases.Tc001_AccountRegistrationTest.verify_Account_Registration(Tc001_AccountRegistrationTest.java:35)oggger - clicked on MyAccount link
17:40:10.362 [main] INFO  testCases.Tc001_AccountRegistrationTest.verify_Account_Registration(Tc001_AccountRegistrationTest.java:38)oggger - clicked on Registration link
17:40:10.362 [main] INFO  testCases.Tc001_AccountRegistrationTest.verify_Account_Registration(Tc001_AccountRegistrationTest.java:42)oggger - Providing cutomers details....
17:40:13.225 [main] INFO  testCases.Tc001_AccountRegistrationTest.verify_Account_Registration(Tc001_AccountRegistrationTest.java:59)oggger - validating expected meassage...
17:40:13.258 [main] INFO  testCases.Tc001_AccountRegistrationTest.verify_Account_Registration(Tc001_AccountRegistrationTest.java:73)oggger - **** Finished Tc001_AccountRegistrationTest **** 
17:40:15.390 [main] INFO  testCases.TC002_LoginTest.verify_Login(TC002_LoginTest.java:24)oggger - ***** Starting TC002_LoginTest *****
17:40:17.427 [main] INFO  testCases.TC002_LoginTest.verify_Login(TC002_LoginTest.java:54)oggger - ***** Finished TC002_LoginTest *****
